HI-TECH Software C Compiler 

Linker command line:

--edf=d:\Program Files (x86)\HI-TECH Software\PICC\9.83\dat\en_msgs.txt -cs \
  -h+dist/default/production\CMT2219_DemoCode_forDK.X.production.sym -z \
  -Q16F1519 -ol.obj \
  -Mdist/default/production/CMT2219_DemoCode_forDK.X.production.map -E1 \
  -ACONST=00h-0FFhx64 -ACODE=00h-07FFhx8 -ASTRCODE=00h-03FFFh \
  -AENTRY=00h-0FFhx64 -ASTRING=00h-0FFhx64 -ABANK0=020h-06Fh \
  -ABANK1=0A0h-0EFh -ABANK2=0120h-016Fh -ABANK3=01A0h-01EFh \
  -ABANK4=0220h-026Fh -ABANK5=02A0h-02EFh -ABANK6=0320h-036Fh \
  -ABANK7=03A0h-03EFh -ABANK8=0420h-046Fh -ABANK9=04A0h-04EFh \
  -ABANK10=0520h-056Fh -ABANK11=05A0h-05EFh -ABANK12=0620h-064Fh \
  -ABIGRAM=02000h-023EFh \
  -ARAM=020h-06Fh,0A0h-0EFh,0120h-016Fh,01A0h-01EFh,0220h-026Fh,02A0h-02EFh,0320h-036Fh,03A0h-03EFh,0420h-046Fh,04A0h-04EFh,0520h-056Fh,05A0h-05EFh,0620h-064Fh \
  -AABS1=020h-07Fh,0A0h-0EFh,0120h-016Fh,01A0h-01EFh,0220h-026Fh,02A0h-02EFh,0320h-036Fh,03A0h-03EFh,0420h-046Fh,04A0h-04EFh,0520h-056Fh,05A0h-05EFh,0620h-064Fh \
  -ACOMMON=070h-07Fh -ASFR0=00h-01Fh -ASFR1=080h-09Fh -ASFR2=0100h-011Fh \
  -ASFR3=0180h-019Fh -ASFR4=0200h-021Fh -ASFR5=0280h-029Fh \
  -ASFR6=0300h-031Fh -ASFR7=0380h-039Fh -ASFR8=0400h-041Fh \
  -ASFR9=0480h-049Fh -ASFR10=0500h-051Fh -ASFR11=0580h-059Fh \
  -ASFR12=0600h-061Fh -ASFR13=0680h-06EFh -ASFR14=0700h-076Fh \
  -ASFR15=0780h-07EFh -ASFR16=0800h-086Fh -ASFR17=0880h-08EFh \
  -ASFR18=0900h-096Fh -ASFR19=0980h-09EFh -ASFR20=0A00h-0A6Fh \
  -ASFR21=0A80h-0AEFh -ASFR22=0B00h-0B6Fh -ASFR23=0B80h-0BEFh \
  -ASFR24=0C00h-0C6Fh -ASFR25=0C80h-0CEFh -ASFR26=0D00h-0D6Fh \
  -ASFR27=0D80h-0DEFh -ASFR28=0E00h-0E6Fh -ASFR29=0E80h-0EEFh \
  -ASFR30=0F00h-0F6Fh -ASFR31=0F80h-0FEFh \
  -preset_vec=00h,intentry=04h,init,end_init -ppowerup=CODE -pfunctab=CODE \
  -ACONFIG=08007h-08008h -pconfig=CONFIG -DCONFIG=2 -AIDLOC=08000h-08003h \
  -pidloc=IDLOC -DIDLOC=2 -DCODE=2 -DSTRCODE=2 -DSTRING=2 -DCONST=2 \
  -DENTRY=2 -k C:\Users\Auser\AppData\Local\Temp\s118.obj \
  dist/default/production\CMT2219_DemoCode_forDK.X.production.obj 

Object code version is 3.10

Machine type is 16F1519



                Name                               Link     Load   Length Selector   Space Scale
C:\Users\Auser\AppData\Local\Temp\s118.obj
                end_init                             18       18        3        8       0
                reset_vec                             0        0        2        0       0
dist/default/production\CMT2219_DemoCode_forDK.X.production.obj
                intentry                              4        4       14        8       0
                config                             8007     8007        2    1000E       0
                cstackCOMMON                         70       70        7       70       1
                clrtext                             2C9      2C9        6      592       0
                bssBANK0                             20       20       20       20       1
                bssCOMMON                            77       77        2       70       1
                cinit                                1B       1B      1B6        8       0
                strings                             200      200       C9      400       0

TOTAL           Name                               Link     Load   Length     Space
        CLASS   CONST          

        CLASS   CODE           
                end_init                             18       18        3         0
                intentry                              4        4       14         0
                reset_vec                             0        0        2         0
                clrtext                             2C9      2C9        6         0
                cinit                                1B       1B      1B6         0

        CLASS   STRCODE        

        CLASS   ENTRY          

        CLASS   STRING         
                strings                             200      200       C9         0

        CLASS   BANK0          
                bssBANK0                             20       20       20         1

        CLASS   BANK1          

        CLASS   BANK2          

        CLASS   BANK3          

        CLASS   BANK4          

        CLASS   BANK5          

        CLASS   BANK6          

        CLASS   BANK7          

        CLASS   BANK8          

        CLASS   BANK9          

        CLASS   BANK10         

        CLASS   BANK11         

        CLASS   BANK12         

        CLASS   BIGRAM         

        CLASS   RAM            

        CLASS   ABS1           
                abs_s1                               7E       7E        2         1

        CLASS   COMMON         
                cstackCOMMON                         70       70        7         1
                bssCOMMON                            77       77        2         1

        CLASS   SFR0           

        CLASS   SFR1           

        CLASS   SFR2           

        CLASS   SFR3           

        CLASS   SFR4           

        CLASS   SFR5           

        CLASS   SFR6           

        CLASS   SFR7           

        CLASS   SFR8           

        CLASS   SFR9           

        CLASS   SFR10          

        CLASS   SFR11          

        CLASS   SFR12          

        CLASS   SFR13          

        CLASS   SFR14          

        CLASS   SFR15          

        CLASS   SFR16          

        CLASS   SFR17          

        CLASS   SFR18          

        CLASS   SFR19          

        CLASS   SFR20          

        CLASS   SFR21          

        CLASS   SFR22          

        CLASS   SFR23          

        CLASS   SFR24          

        CLASS   SFR25          

        CLASS   SFR26          

        CLASS   SFR27          

        CLASS   SFR28          

        CLASS   SFR29          

        CLASS   SFR30          

        CLASS   SFR31          

        CLASS   CONFIG         
                config                             8007     8007        2         0

        CLASS   IDLOC          

        CLASS   BANK31         

        CLASS   BANK30         

        CLASS   BANK29         

        CLASS   BANK28         

        CLASS   BANK27         

        CLASS   BANK26         

        CLASS   BANK25         

        CLASS   BANK24         

        CLASS   BANK23         

        CLASS   BANK22         

        CLASS   BANK21         

        CLASS   BANK20         

        CLASS   BANK19         

        CLASS   BANK18         

        CLASS   BANK17         

        CLASS   BANK16         

        CLASS   BANK15         

        CLASS   BANK14         

        CLASS   BANK13         

        CLASS   EEDATA         



SEGMENTS        Name                           Load    Length   Top    Selector   Space  Class     Delta

                reset_vec                      000000  000002  000002         0       0  CODE        2
                intentry                       000004  0001CD  0001D1         8       0  CODE        2
                bssBANK0                       000020  000020  000040        20       1  BANK0       1
                cstackCOMMON                   000070  000009  000079        70       1  COMMON      1
                strings                        000200  0000C9  0002C9       400       0  STRING      2
                clrtext                        0002C9  000006  0002CF       592       0  CODE        2
                config                         008007  000002  008009     1000E       0  CONFIG      2


UNUSED ADDRESS RANGES

        Name                Unused          Largest block    Delta
        BANK0            00040-0006F              30           1
        BANK1            000A0-000EF              50           1
        BANK10           00520-0056F              50           1
        BANK11           005A0-005EF              50           1
        BANK12           00620-0064F              30           1
        BANK2            00120-0016F              50           1
        BANK3            001A0-001EF              50           1
        BANK4            00220-0026F              50           1
        BANK5            002A0-002EF              50           1
        BANK6            00320-0036F              50           1
        BANK7            003A0-003EF              50           1
        BANK8            00420-0046F              50           1
        BANK9            004A0-004EF              50           1
        BIGRAM           02000-023EF             3F0           1
        CODE             00002-00003               2           2
                         001D1-001FF              2F
                         002CF-03FFF             800
        COMMON           00079-0007D               5           1
        CONST            00002-00003               2           2
                         001D1-001FF              2F
                         002CF-03FFF             100
        ENTRY            00002-00003               2           2
                         001D1-001FF              2F
                         002CF-03FFF             100
        IDLOC            08000-08003               4           2
        RAM              00040-0006F              30           1
                         000A0-000EF              50
                         00120-0016F              50
                         001A0-001EF              50
                         00220-0026F              50
                         002A0-002EF              50
                         00320-0036F              50
                         003A0-003EF              50
                         00420-0046F              50
                         004A0-004EF              50
                         00520-0056F              50
                         005A0-005EF              50
                         00620-0064F              30
        SFR0             00000-0001F              20           1
        SFR1             00080-0009F              20           1
        SFR10            00500-0051F              20           1
        SFR11            00580-0059F              20           1
        SFR12            00600-0061F              20           1
        SFR13            00680-006EF              70           1
        SFR14            00700-0076F              70           1
        SFR15            00780-007EF              70           1
        SFR16            00800-0086F              70           1
        SFR17            00880-008EF              70           1
        SFR18            00900-0096F              70           1
        SFR19            00980-009EF              70           1
        SFR2             00100-0011F              20           1
        SFR20            00A00-00A6F              70           1
        SFR21            00A80-00AEF              70           1
        SFR22            00B00-00B6F              70           1
        SFR23            00B80-00BEF              70           1
        SFR24            00C00-00C6F              70           1
        SFR25            00C80-00CEF              70           1
        SFR26            00D00-00D6F              70           1
        SFR27            00D80-00DEF              70           1
        SFR28            00E00-00E6F              70           1
        SFR29            00E80-00EEF              70           1
        SFR3             00180-0019F              20           1
        SFR30            00F00-00F6F              70           1
        SFR31            00F80-00FEF              70           1
        SFR4             00200-0021F              20           1
        SFR5             00280-0029F              20           1
        SFR6             00300-0031F              20           1
        SFR7             00380-0039F              20           1
        SFR8             00400-0041F              20           1
        SFR9             00480-0049F              20           1
        STRCODE          00002-00003               2           2
                         001D1-001FF              2F
                         002CF-03FFF            3D31
        STRING           00002-00003               2           2
                         001D1-001FF              2F
                         002CF-03FFF             100

                                  Symbol Table

??_BeepOff                cstackCOMMON 00070
??_BeepOn                 cstackCOMMON 00070
??_ClearFIFO              cstackCOMMON 00074
??_ClearIRQ               cstackCOMMON 00073
??_EntryRx                cstackCOMMON 00074
??_EntryStandby           cstackCOMMON 00074
??_FIFORead               cstackCOMMON 00070
??_GPIO_FuncCfg           cstackCOMMON 00073
??_ISR                    cstackCOMMON 00070
??_InitPort               cstackCOMMON 00070
??_InitSfr                cstackCOMMON 00070
??_RFM219_Config          cstackCOMMON 00075
??_RFM219_RxPacket        cstackCOMMON 00075
??_SPICmd8bit             cstackCOMMON 00070
??_SPIRead                cstackCOMMON 00072
??_SPIRead8bit            cstackCOMMON 00070
??_SPIWrite               cstackCOMMON 00072
??_TxLedOff               cstackCOMMON 00070
??_main                   cstackCOMMON 00077
?_BeepOff                 cstackCOMMON 00070
?_BeepOn                  cstackCOMMON 00070
?_ClearFIFO               cstackCOMMON 00070
?_ClearIRQ                cstackCOMMON 00070
?_EntryRx                 cstackCOMMON 00070
?_EntryStandby            cstackCOMMON 00070
?_FIFORead                cstackCOMMON 00070
?_GPIO_FuncCfg            cstackCOMMON 00070
?_ISR                     cstackCOMMON 00070
?_InitPort                cstackCOMMON 00070
?_InitSfr                 cstackCOMMON 00070
?_RFM219_Config           cstackCOMMON 00070
?_RFM219_RxPacket         cstackCOMMON 00070
?_SPICmd8bit              cstackCOMMON 00070
?_SPIRead                 cstackCOMMON 00070
?_SPIRead8bit             cstackCOMMON 00070
?_SPIWrite                cstackCOMMON 00070
?_TxLedOff                cstackCOMMON 00070
?_main                    cstackCOMMON 00070
ClearFIFO@tmp             cstackCOMMON 00074
EntryRx@tmp               cstackCOMMON 00074
EntryStandby@tmp          cstackCOMMON 00074
FIFORead@RdPara           cstackCOMMON 00070
FIFORead@bitcnt           cstackCOMMON 00071
RFM219_Config@i           cstackCOMMON 00075
RFM219_RxPacket@i         cstackCOMMON 00076
SPICmd8bit@WrPara         cstackCOMMON 00070
SPICmd8bit@bitcnt         cstackCOMMON 00071
SPIRead8bit@RdPara        cstackCOMMON 00070
SPIRead8bit@bitcnt        cstackCOMMON 00071
SPIRead@adr               cstackCOMMON 00072
SPIRead@tmp               cstackCOMMON 00073
SPIWrite@WrPara           cstackCOMMON 00070
SPIWrite@bitcnt           cstackCOMMON 00072
_ADCON0                   (abs)        0009D
_ADCON1                   (abs)        0009E
_ANSELA                   (abs)        0018C
_ANSELB                   (abs)        0018D
_ANSELC                   (abs)        0018E
_ANSELD                   (abs)        0018F
_ANSELE                   (abs)        00190
_APFCON                   (abs)        0011D
_BORCON                   (abs)        00116
_BeepOff                  cinit        0005C
_BeepOn                   cinit        00054
_CCP1CON                  (abs)        00293
_CCP2CON                  (abs)        0029A
_CCPR1L                   (abs)        00291
_ClearFIFO                cinit        00190
_ClearIRQ                 cinit        00102
_EntryRx                  cinit        00027
_EntryStandby             cinit        00107
_FIFORead                 cinit        00167
_FVRCON                   (abs)        00117
_GIE                      (abs)        0005F
_GPIO_FuncCfg             cinit        000AF
_IOCBF                    (abs)        00396
_IOCBN                    (abs)        00395
_IOCBP                    (abs)        00394
_ISR                      intentry     00004
_InitPort                 cinit        00093
_InitSfr                  cinit        00063
_LATA                     (abs)        0010C
_LATA0                    (abs)        00860
_LATB                     (abs)        0010D
_LATB5                    (abs)        0086D
_LATC                     (abs)        0010E
_LATC2                    (abs)        00872
_LATC3                    (abs)        00873
_LATC4                    (abs)        00874
_LATD                     (abs)        0010F
_LATD7                    (abs)        0087F
_LATE                     (abs)        00110
_OPTION_REG               (abs)        00095
_OSCCON                   (abs)        00099
_PEIE                     (abs)        0005E
_PIE1                     (abs)        00091
_PIE2                     (abs)        00092
_PIR1                     (abs)        00011
_PIR2                     (abs)        00012
_PORTA                    (abs)        0000C
_PORTB                    (abs)        0000D
_PORTC                    (abs)        0000E
_PORTD                    (abs)        0000F
_PORTE                    (abs)        00010
_PR2                      (abs)        0001B
_RA1                      (abs)        00061
_RC4                      (abs)        00074
_RCIE                     (abs)        0048D
_RCIF                     (abs)        0008D
_RCREG                    (abs)        00199
_RFM219ConfigTbl          strings      00201
_RFM219Data               strings      002B3
_RFM219FreqTbl            strings      0026B
_RFM219_Config            cinit        000C1
_RFM219_RxPacket          cinit        0013B
_RxData                   bssBANK0     00020
_RxLimtTime               bssCOMMON    00077
_SPICmd8bit               cinit        00124
_SPIRead                  cinit        00113
_SPIRead8bit              cinit        0019B
_SPIWrite                 cinit        000E4
_SSPCON1                  (abs)        00215
_SSPCON2                  (abs)        00216
_SSPCON3                  (abs)        00217
_T1CON                    (abs)        00018
_T1GCON                   (abs)        00019
_T2CON                    (abs)        0001C
_TMR0IE                   (abs)        0005D
_TMR0IF                   (abs)        0005A
_TMR1H                    (abs)        00017
_TMR1IE                   (abs)        00488
_TMR1IF                   (abs)        00088
_TMR1L                    (abs)        00016
_TMR2ON                   (abs)        000E2
_TRISA                    (abs)        0008C
_TRISB                    (abs)        0008D
_TRISC                    (abs)        0008E
_TRISD                    (abs)        0008F
_TRISE                    (abs)        00090
_TXREG                    (abs)        0019A
_TxLedOff                 cinit        000AC
_WDTCON                   (abs)        00097
_WPUB                     (abs)        0020D
_WPUE                     (abs)        00210
__Habs1                   abs1         00000
__Hbank0                  bank0        00000
__Hbank1                  bank1        00000
__Hbank10                 bank10       00000
__Hbank11                 bank11       00000
__Hbank12                 bank12       00000
__Hbank13                 bank13       00000
__Hbank14                 bank14       00000
__Hbank15                 bank15       00000
__Hbank16                 bank16       00000
__Hbank17                 bank17       00000
__Hbank18                 bank18       00000
__Hbank19                 bank19       00000
__Hbank2                  bank2        00000
__Hbank20                 bank20       00000
__Hbank21                 bank21       00000
__Hbank22                 bank22       00000
__Hbank23                 bank23       00000
__Hbank24                 bank24       00000
__Hbank25                 bank25       00000
__Hbank26                 bank26       00000
__Hbank27                 bank27       00000
__Hbank28                 bank28       00000
__Hbank29                 bank29       00000
__Hbank3                  bank3        00000
__Hbank30                 bank30       00000
__Hbank31                 bank31       00000
__Hbank4                  bank4        00000
__Hbank5                  bank5        00000
__Hbank6                  bank6        00000
__Hbank7                  bank7        00000
__Hbank8                  bank8        00000
__Hbank9                  bank9        00000
__Hbigram                 bigram       00000
__HbssBANK0               bssBANK0     00000
__HbssCOMMON              bssCOMMON    00000
__Hcinit                  cinit        00000
__Hclrtext                clrtext      00000
__Hcode                   code         00000
__Hcommon                 common       00000
__Hconfig                 config       08009
__HcstackCOMMON           cstackCOMMON 00000
__Heeprom_data            eeprom_data  00000
__Hend_init               end_init     0001B
__Hfunctab                functab      00000
__Hidloc                  idloc        00000
__Hinit                   init         00018
__Hintentry               intentry     00018
__Hmaintext               maintext     00000
__Hpa_nodes               pa_nodes     00000
__Hpowerup                powerup      00000
__Hram                    ram          00000
__Hreset_vec              reset_vec    00002
__Hsfr0                   sfr0         00000
__Hsfr1                   sfr1         00000
__Hsfr10                  sfr10        00000
__Hsfr11                  sfr11        00000
__Hsfr12                  sfr12        00000
__Hsfr13                  sfr13        00000
__Hsfr14                  sfr14        00000
__Hsfr15                  sfr15        00000
__Hsfr16                  sfr16        00000
__Hsfr17                  sfr17        00000
__Hsfr18                  sfr18        00000
__Hsfr19                  sfr19        00000
__Hsfr2                   sfr2         00000
__Hsfr20                  sfr20        00000
__Hsfr21                  sfr21        00000
__Hsfr22                  sfr22        00000
__Hsfr23                  sfr23        00000
__Hsfr24                  sfr24        00000
__Hsfr25                  sfr25        00000
__Hsfr26                  sfr26        00000
__Hsfr27                  sfr27        00000
__Hsfr28                  sfr28        00000
__Hsfr29                  sfr29        00000
__Hsfr3                   sfr3         00000
__Hsfr30                  sfr30        00000
__Hsfr31                  sfr31        00000
__Hsfr4                   sfr4         00000
__Hsfr5                   sfr5         00000
__Hsfr6                   sfr6         00000
__Hsfr7                   sfr7         00000
__Hsfr8                   sfr8         00000
__Hsfr9                   sfr9         00000
__Hstrings                strings      00000
__Htext                   text         00000
__Labs1                   abs1         00000
__Lbank0                  bank0        00000
__Lbank1                  bank1        00000
__Lbank10                 bank10       00000
__Lbank11                 bank11       00000
__Lbank12                 bank12       00000
__Lbank13                 bank13       00000
__Lbank14                 bank14       00000
__Lbank15                 bank15       00000
__Lbank16                 bank16       00000
__Lbank17                 bank17       00000
__Lbank18                 bank18       00000
__Lbank19                 bank19       00000
__Lbank2                  bank2        00000
__Lbank20                 bank20       00000
__Lbank21                 bank21       00000
__Lbank22                 bank22       00000
__Lbank23                 bank23       00000
__Lbank24                 bank24       00000
__Lbank25                 bank25       00000
__Lbank26                 bank26       00000
__Lbank27                 bank27       00000
__Lbank28                 bank28       00000
__Lbank29                 bank29       00000
__Lbank3                  bank3        00000
__Lbank30                 bank30       00000
__Lbank31                 bank31       00000
__Lbank4                  bank4        00000
__Lbank5                  bank5        00000
__Lbank6                  bank6        00000
__Lbank7                  bank7        00000
__Lbank8                  bank8        00000
__Lbank9                  bank9        00000
__Lbigram                 bigram       00000
__LbssBANK0               bssBANK0     00000
__LbssCOMMON              bssCOMMON    00000
__Lcinit                  cinit        00000
__Lclrtext                clrtext      00000
__Lcode                   code         00000
__Lcommon                 common       00000
__Lconfig                 config       08007
__LcstackCOMMON           cstackCOMMON 00000
__Leeprom_data            eeprom_data  00000
__Lend_init               end_init     00018
__Lfunctab                functab      00000
__Lidloc                  idloc        00000
__Linit                   init         00018
__Lintentry               intentry     00004
__Lmaintext               maintext     00000
__Lpa_nodes               pa_nodes     00000
__Lpowerup                powerup      00000
__Lram                    ram          00000
__Lreset_vec              reset_vec    00000
__Lsfr0                   sfr0         00000
__Lsfr1                   sfr1         00000
__Lsfr10                  sfr10        00000
__Lsfr11                  sfr11        00000
__Lsfr12                  sfr12        00000
__Lsfr13                  sfr13        00000
__Lsfr14                  sfr14        00000
__Lsfr15                  sfr15        00000
__Lsfr16                  sfr16        00000
__Lsfr17                  sfr17        00000
__Lsfr18                  sfr18        00000
__Lsfr19                  sfr19        00000
__Lsfr2                   sfr2         00000
__Lsfr20                  sfr20        00000
__Lsfr21                  sfr21        00000
__Lsfr22                  sfr22        00000
__Lsfr23                  sfr23        00000
__Lsfr24                  sfr24        00000
__Lsfr25                  sfr25        00000
__Lsfr26                  sfr26        00000
__Lsfr27                  sfr27        00000
__Lsfr28                  sfr28        00000
__Lsfr29                  sfr29        00000
__Lsfr3                   sfr3         00000
__Lsfr30                  sfr30        00000
__Lsfr31                  sfr31        00000
__Lsfr4                   sfr4         00000
__Lsfr5                   sfr5         00000
__Lsfr6                   sfr6         00000
__Lsfr7                   sfr7         00000
__Lsfr8                   sfr8         00000
__Lsfr9                   sfr9         00000
__Lstrings                strings      00000
__Ltext                   text         00000
__S0                      (abs)        08009
__S1                      (abs)        00079
__SysTime                 bssCOMMON    00078
__end_of_BeepOff          cinit        00063
__end_of_BeepOn           cinit        0005C
__end_of_ClearFIFO        cinit        0019B
__end_of_ClearIRQ         cinit        00107
__end_of_EntryRx          cinit        00033
__end_of_EntryStandby     cinit        00113
__end_of_FIFORead         cinit        00190
__end_of_GPIO_FuncCfg     cinit        000C1
__end_of_ISR              intentry     00018
__end_of_InitPort         cinit        000AC
__end_of_InitSfr          cinit        00093
__end_of_RFM219_Config    cinit        000E4
__end_of_RFM219_RxPacket  cinit        00167
__end_of_SPICmd8bit       cinit        0013B
__end_of_SPIRead          cinit        00124
__end_of_SPIRead8bit      cinit        001B7
__end_of_SPIWrite         cinit        00102
__end_of_TxLedOff         cinit        000AF
__end_of_main             cinit        00054
__pbssBANK0               bssBANK0     00020
__pbssCOMMON              bssCOMMON    00077
__pcstackCOMMON           cstackCOMMON 00070
__pintentry               intentry     00004
__pmaintext               cinit        00033
__pstrings                strings      00200
__ptext203                cinit        0013B
__ptext204                cinit        000C1
__ptext205                cinit        00027
__ptext206                cinit        00107
__ptext207                cinit        00190
__ptext208                cinit        00113
__ptext209                cinit        000AF
__ptext210                cinit        00102
__ptext211                cinit        0019B
__ptext212                cinit        00124
__ptext213                cinit        000E4
__ptext214                cinit        00167
__ptext215                cinit        000AC
__ptext216                cinit        00093
__ptext217                cinit        00063
__ptext218                cinit        0005C
__ptext219                cinit        00054
__size_of_BeepOff         (abs)        00000
__size_of_BeepOn          (abs)        00000
__size_of_ClearFIFO       (abs)        00000
__size_of_ClearIRQ        (abs)        00000
__size_of_EntryRx         (abs)        00000
__size_of_EntryStandby    (abs)        00000
__size_of_FIFORead        (abs)        00000
__size_of_GPIO_FuncCfg    (abs)        00000
__size_of_ISR             (abs)        00000
__size_of_InitPort        (abs)        00000
__size_of_InitSfr         (abs)        00000
__size_of_RFM219_Config   (abs)        00000
__size_of_RFM219_RxPacket (abs)        00000
__size_of_SPICmd8bit      (abs)        00000
__size_of_SPIRead         (abs)        00000
__size_of_SPIRead8bit     (abs)        00000
__size_of_SPIWrite        (abs)        00000
__size_of_TxLedOff        (abs)        00000
__size_of_main            (abs)        00000
__stringtab               strings      00200
_exit                     init         00018
_main                     cinit        00033
btemp                     (abs)        0007E
clear_ram                 clrtext      002C9
end_of_initialization     cinit        00025
i1l7157                                     
i1l7161                                     
i1l7167                                     
i1l7169                                     
i1l7175                                     
intlevel0                 functab      00000
intlevel1                 functab      00000
intlevel2                 functab      00000
intlevel3                 functab      00000
intlevel4                 functab      00000
intlevel5                 functab      00000
l1105                                       
l1108                                       
l4471                                       
l4474                                       
l4477                                       
l5619                                       
l5622                                       
l5625                                       
l5631                                       
l5640                                       
l5643                                       
l6751                                       
l6754                                       
l6757                                       
l6761                                       
l6764                                       
l6768                                       
l6771                                       
l6775                                       
l6778                                       
l7147                                       
l7149                                       
l7151                                       
l7153                                       
l7155                                       
l7177                                       
l7179                                       
l7181                                       
l7183                                       
l7185                                       
l7187                                       
l7189                                       
l7191                                       
l7193                                       
l7195                                       
l7197                                       
l7199                                       
l7201                                       
l7203                                       
l7205                                       
l7207                                       
l7209                                       
l7211                                       
l7213                                       
l7215                                       
l7217                                       
l7219                                       
l7221                                       
l7223                                       
l7225                                       
l7227                                       
l7229                                       
l7231                                       
l7233                                       
l7235                                       
l7237                                       
l7239                                       
l7241                                       
l7243                                       
l7245                                       
l7247                                       
l7249                                       
l7251                                       
l7253                                       
l7255                                       
l7257                                       
l7259                                       
l7261                                       
l7263                                       
l7273                                       
l7279                                       
l7287                                       
l7289                                       
l7291                                       
l7299                                       
l7301                                       
l7303                                       
l7305                                       
l7307                                       
l7317                                       
l7321                                       
l7323                                       
l7325                                       
l7327                                       
l7329                                       
l7331                                       
l7333                                       
l7335                                       
l7337                                       
l7339                                       
l7341                                       
l7343                                       
l7345                                       
l7347                                       
l7349                                       
l7351                                       
l7355                                       
l7357                                       
l7359                                       
l7361                                       
l7365                                       
l7367                                       
l7369                                       
l7371                                       
l7379                                       
l7381                                       
l7391                                       
l7393                                       
l7397                                       
l7407                                       
l7409                                       
l7413                                       
l7425                                       
l7443                                       
l7445                                       
l7451                                       
l7453                                       
l7455                                       
l7461                                       
reset_vec                 reset_vec    00000
start                     init         00018
start_initialization      cinit        0001B
wtemp0                    (abs)        0007E
